Traceback (most recent call last):
  File "<frozen runpy>", line 198, in _run_module_as_main
  File "<frozen runpy>", line 88, in _run_code
  File "/opt/anaconda3/lib/python3.12/site-packages/pytest/__main__.py", line 9, in <module>
    raise SystemExit(pytest.console_main())
                     ^^^^^^^^^^^^^^^^^^^^^
  File "/opt/anaconda3/lib/python3.12/site-packages/_pytest/config/__init__.py", line 223, in console_main
    code = main()
           ^^^^^^
  File "/opt/anaconda3/lib/python3.12/site-packages/_pytest/config/__init__.py", line 193, in main
    config = _prepareconfig(new_args, plugins)
             ^^^^^^^^^^^^^^^^^^^^^^^^^^^^^^^^^
  File "/opt/anaconda3/lib/python3.12/site-packages/_pytest/config/__init__.py", line 361, in _prepareconfig
    config: Config = pluginmanager.hook.pytest_cmdline_parse(
                     ^^^^^^^^^^^^^^^^^^^^^^^^^^^^^^^^^^^^^^^^
  File "/opt/anaconda3/lib/python3.12/site-packages/pluggy/_hooks.py", line 512, in __call__
    return self._hookexec(self.name, self._hookimpls.copy(), kwargs, firstresult)
           ^^^^^^^^^^^^^^^^^^^^^^^^^^^^^^^^^^^^^^^^^^^^^^^^^^^^^^^^^^^^^^^^^^^^^^
  File "/opt/anaconda3/lib/python3.12/site-packages/pluggy/_manager.py", line 120, in _hookexec
    return self._inner_hookexec(hook_name, methods, kwargs, firstresult)
           ^^^^^^^^^^^^^^^^^^^^^^^^^^^^^^^^^^^^^^^^^^^^^^^^^^^^^^^^^^^^^
  File "/opt/anaconda3/lib/python3.12/site-packages/pluggy/_callers.py", line 167, in _multicall
    raise exception
  File "/opt/anaconda3/lib/python3.12/site-packages/pluggy/_callers.py", line 139, in _multicall
    teardown.throw(exception)
  File "/opt/anaconda3/lib/python3.12/site-packages/_pytest/helpconfig.py", line 124, in pytest_cmdline_parse
    config = yield
             ^^^^^
  File "/opt/anaconda3/lib/python3.12/site-packages/pluggy/_callers.py", line 121, in _multicall
    res = hook_impl.function(*args)
          ^^^^^^^^^^^^^^^^^^^^^^^^^
  File "/opt/anaconda3/lib/python3.12/site-packages/_pytest/config/__init__.py", line 1186, in pytest_cmdline_parse
    self.parse(args)
  File "/opt/anaconda3/lib/python3.12/site-packages/_pytest/config/__init__.py", line 1539, in parse
    self.pluginmanager.load_setuptools_entrypoints("pytest11")
  File "/opt/anaconda3/lib/python3.12/site-packages/pluggy/_manager.py", line 416, in load_setuptools_entrypoints
    plugin = ep.load()
             ^^^^^^^^^
  File "/opt/anaconda3/lib/python3.12/importlib/metadata/__init__.py", line 205, in load
    module = import_module(match.group('module'))
             ^^^^^^^^^^^^^^^^^^^^^^^^^^^^^^^^^^^^
  File "/opt/anaconda3/lib/python3.12/importlib/__init__.py", line 90, in import_module
    return _bootstrap._gcd_import(name[level:], package, level)
           ^^^^^^^^^^^^^^^^^^^^^^^^^^^^^^^^^^^^^^^^^^^^^^^^^^^^
  File "<frozen importlib._bootstrap>", line 1387, in _gcd_import
  File "<frozen importlib._bootstrap>", line 1360, in _find_and_load
  File "<frozen importlib._bootstrap>", line 1310, in _find_and_load_unlocked
  File "<frozen importlib._bootstrap>", line 488, in _call_with_frames_removed
  File "<frozen importlib._bootstrap>", line 1387, in _gcd_import
  File "<frozen importlib._bootstrap>", line 1360, in _find_and_load
  File "<frozen importlib._bootstrap>", line 1310, in _find_and_load_unlocked
  File "<frozen importlib._bootstrap>", line 488, in _call_with_frames_removed
  File "<frozen importlib._bootstrap>", line 1387, in _gcd_import
  File "<frozen importlib._bootstrap>", line 1360, in _find_and_load
  File "<frozen importlib._bootstrap>", line 1331, in _find_and_load_unlocked
  File "<frozen importlib._bootstrap>", line 935, in _load_unlocked
  File "/opt/anaconda3/lib/python3.12/site-packages/_pytest/assertion/rewrite.py", line 197, in exec_module
    exec(co, module.__dict__)
  File "/opt/anaconda3/lib/python3.12/site-packages/web3/tools/__init__.py", line 1, in <module>
    from .pytest_ethereum import (
  File "/opt/anaconda3/lib/python3.12/site-packages/_pytest/assertion/rewrite.py", line 197, in exec_module
    exec(co, module.__dict__)
  File "/opt/anaconda3/lib/python3.12/site-packages/web3/tools/pytest_ethereum/deployer.py", line 7, in <module>
    from eth_typing import (
ImportError: cannot import name 'ContractName' from 'eth_typing' (/opt/anaconda3/lib/python3.12/site-packages/eth_typing/__init__.py)
